// Jest Snapshot v1, https://goo.gl/fbAQLP

exports[`PollsList.vue should render 1`] = `<div class="flex flex-wrap justify-between mb-10"></div>`;
