// Jest Snapshot v1, https://goo.gl/fbAQLP

exports[`PublicPolls.vue should render 1`] = ``;
